Microchip MPLAB XC8 Compiler V2.10 ()

Linker command line:

-W-3 --edf=/Applications/microchip/xc8/v2.10/pic/dat/en_msgs.txt \
  -pivt0x8=08h -cs \
  -h+dist/default/production/Variable_Clock.X.production.sym \
  --cmf=dist/default/production/Variable_Clock.X.production.cmf -z \
  -Q18F46K42 -o/tmp/xcUssTAkU --defsym=__MPLAB_BUILD=1 \
  -Mdist/default/production/Variable_Clock.X.production.map -E1 -ver=XC8 \
  --acfsm=1493 -ASTACK=0520h-0FFFh -pstack=STACK -ACODE=00h-0FFFFh \
  -ACONST=00h-0FFFFh -ASMALLCONST=01000h-010FFhx240 \
  -AMEDIUMCONST=01000h-0FFFFh -ACOMRAM=01h-05Fh -AABS1=00h-0FFFh \
  -ABIGRAM=01h-0FFFh -ARAM=060h-0FFh,0100h-01FFhx15 -ABANK0=060h-0FFh \
  -ABANK1=0100h-01FFh -ABANK2=0200h-02FFh -ABANK3=0300h-03FFh \
  -ABANK4=0400h-04FFh -ABANK5=0500h-05FFh -ABANK6=0600h-06FFh \
  -ABANK7=0700h-07FFh -ABANK8=0800h-08FFh -ABANK9=0900h-09FFh \
  -ABANK10=0A00h-0AFFh -ABANK11=0B00h-0BFFh -ABANK12=0C00h-0CFFh \
  -ABANK13=0D00h-0DFFh -ABANK14=0E00h-0EFFh -ABANK15=0F00h-0FFFh \
  -ASFR=03800h-038FFhx7,03F00h-03F5Fh,03F60h-03FFFh -preset_vec=00h \
  -ppowerup=CODE,init -pramtop=01000h -psmallconst=SMALLCONST \
  -pmediumconst=MEDIUMCONST -pconst=CONST -AFARRAM=00h-00h \
  -ACONFIG=0300000h-0300009h -pconfig=CONFIG -AIDLOC=0200000h-020000Fh \
  -pidloc=IDLOC -AEEDATA=0310000h-03103FFh -peeprom_data=EEDATA \
  -prdata=COMRAM,nvrram=COMRAM,nvbit=COMRAM,rbss=COMRAM,rbit=COMRAM \
  -pfarbss=FARRAM,fardata=FARRAM,nvFARRAM=FARRAM \
  -pintsave_regs=BIGRAM,bigbss=BIGRAM,bigdata=BIGRAM -pbss=RAM \
  -pidata=CODE,irdata=CODE,ibigdata=CODE,ifardata=CODE -prparam=COMRAM \
  /tmp/xcr2WGlEb.o dist/default/production/Variable_Clock.X.production.o 

Object code version is 3.11

Machine type is 18F46K42

Call graph: (short form)




                Name                               Link     Load   Length Selector   Space Scale
/tmp/xcr2WGlEb.o
                init                                 1A       1A        4        4       0
                reset_vec                             0        0        4        0       0
                idloc                            200000   200000       10   200000       0
                config                           300000   300000        A   300000       0
dist/default/production/Variable_Clock.X.production.o
                mediumconst                        F23E     F23E      DC2     791F       0
                ivt0x8                                8        8       12        4       0
                text54                             2470     2470       2C        4       0
                text53                             259E     259E        6        4       0
                text52                             25B2     25B2        2        4       0
                text51                             25B0     25B0        2        4       0
                text50                             1B38     1B38       C0        4       0
                text49                             228C     228C       48        4       0
                text48                             1F04     1F04       74        4       0
                text47                             132A     132A      198        4       0
                text46                             2504     2504       1E        4       0
                text45                             21AA     21AA       4E        4       0
                text44                             1DFC     1DFC       90        4       0
                text43                             23D4     23D4       3E        4       0
                text42                             22D4     22D4       46        4       0
                text41                             2396     2396       3E        4       0
                text40                             2358     2358       3E        4       0
                text39                             231A     231A       3E        4       0
                text38                             2044     2044       62        4       0
                text37                             2412     2412       30        4       0
                text36                             253A     253A       14        4       0
                text35                             1F78     1F78       6A        4       0
                text34                             16EC     16EC       EA        4       0
                text33                             25AC     25AC        4        4       0
                text32                             25A8     25A8        4        4       0
                text31                             1168     1168      1C2        4       0
                text30                             1A70     1A70       C8        4       0
                text29                             2442     2442       2E        4       0
                text28                              7F4      7F4      436        4       0
                text27                             20A6     20A6       5C        4       0
                text26                             14C2     14C2      12A        4       0
                text25                             25A4     25A4        4        4       0
                text24                             249C     249C       26        4       0
                text23                             2522     2522       18        4       0
                text22                             1BF8     1BF8       B0        4       0
                text21                             24C2     24C2       24        4       0
                text20                             2586     2586        E        4       0
                text19                             2578     2578        E        4       0
                text18                             256A     256A        E        4       0
                text17                             255C     255C        E        4       0
                text16                             254E     254E        E        4       0
                text15                             1D56     1D56       A6        4       0
                text14                             24E6     24E6       1E        4       0
                text13                             1CA8     1CA8       AE        4       0
                text12                             215C     215C       4E        4       0
                text11                             15EC     15EC      100        4       0
                text10                             18B8     18B8       E0        4       0
                text9                              1FE2     1FE2       62        4       0
                text8                              2594     2594        A        4       0
                text7                              1998     1998       D8        4       0
                text6                              2242     2242       4A        4       0
                text5                              17D6     17D6       E2        4       0
                text4                               F00      F00      268        4       0
                text3                               C2A      C2A      2D6        4       0
                text2                              1E8C     1E8C       78        4       0
                text1                              2102     2102       5A        4       0
                text0                                1E       1E      7D6        4       0
                cstackCOMRAM                          1        1       59        1       1
                cstackBANK0                          60       60       5A       60       1
                bssBIGRAM                           120      120      400      120       1
                bssBANK1                            100      100       20      100       1
                bssBANK0                             BA       BA       28       60       1
                bssCOMRAM                            5A       5A        6        1       1
                cinit                              21F8     21F8       4A        4       0
                nvBANK0                              E2       E2        B       60       1

TOTAL           Name                               Link     Load   Length     Space
        CLASS   STACK          

        CLASS   CODE           
                init                                 1A       1A        4         0
                reset_vec                             0        0        4         0
                ivt0x8                                8        8       12         0
                text54                             2470     2470       2C         0
                text53                             259E     259E        6         0
                text52                             25B2     25B2        2         0
                text51                             25B0     25B0        2         0
                text50                             1B38     1B38       C0         0
                text49                             228C     228C       48         0
                text48                             1F04     1F04       74         0
                text47                             132A     132A      198         0
                text46                             2504     2504       1E         0
                text45                             21AA     21AA       4E         0
                text44                             1DFC     1DFC       90         0
                text43                             23D4     23D4       3E         0
                text42                             22D4     22D4       46         0
                text41                             2396     2396       3E         0
                text40                             2358     2358       3E         0
                text39                             231A     231A       3E         0
                text38                             2044     2044       62         0
                text37                             2412     2412       30         0
                text36                             253A     253A       14         0
                text35                             1F78     1F78       6A         0
                text34                             16EC     16EC       EA         0
                text33                             25AC     25AC        4         0
                text32                             25A8     25A8        4         0
                text31                             1168     1168      1C2         0
                text30                             1A70     1A70       C8         0
                text29                             2442     2442       2E         0
                text28                              7F4      7F4      436         0
                text27                             20A6     20A6       5C         0
                text26                             14C2     14C2      12A         0
                text25                             25A4     25A4        4         0
                text24                             249C     249C       26         0
                text23                             2522     2522       18         0
                text22                             1BF8     1BF8       B0         0
                text21                             24C2     24C2       24         0
                text20                             2586     2586        E         0
                text19                             2578     2578        E         0
                text18                             256A     256A        E         0
                text17                             255C     255C        E         0
                text16                             254E     254E        E         0
                text15                             1D56     1D56       A6         0
                text14                             24E6     24E6       1E         0
                text13                             1CA8     1CA8       AE         0
                text12                             215C     215C       4E         0
                text11                             15EC     15EC      100         0
                text10                             18B8     18B8       E0         0
                text9                              1FE2     1FE2       62         0
                text8                              2594     2594        A         0
                text7                              1998     1998       D8         0
                text6                              2242     2242       4A         0
                text5                              17D6     17D6       E2         0
                text4                               F00      F00      268         0
                text3                               C2A      C2A      2D6         0
                text2                              1E8C     1E8C       78         0
                text1                              2102     2102       5A         0
                text0                                1E       1E      7D6         0
                cinit                              21F8     21F8       4A         0

        CLASS   CONST          

        CLASS   SMALLCONST     

        CLASS   MEDIUMCONST    
                mediumconst                        F23E     F23E      DC2         0

        CLASS   COMRAM         
                cstackCOMRAM                          1        1       59         1
                bssCOMRAM                            5A       5A        6         1

        CLASS   ABS1           

        CLASS   BIGRAM         
                bssBIGRAM                           120      120      400         1

        CLASS   RAM            

        CLASS   BANK0          
                cstackBANK0                          60       60       5A         1
                bssBANK0                             BA       BA       28         1
                nvBANK0                              E2       E2        B         1

        CLASS   BANK1          
                bssBANK1                            100      100       20         1

        CLASS   BANK2          

        CLASS   BANK3          

        CLASS   BANK4          

        CLASS   BANK5          

        CLASS   BANK6          

        CLASS   BANK7          

        CLASS   BANK8          

        CLASS   BANK9          

        CLASS   BANK10         

        CLASS   BANK11         

        CLASS   BANK12         

        CLASS   BANK13         

        CLASS   BANK14         

        CLASS   BANK15         

        CLASS   SFR            

        CLASS   FARRAM         

        CLASS   CONFIG         
                config                           300000   300000        A         0

        CLASS   IDLOC          
                idloc                            200000   200000       10         0

        CLASS   EEDATA         



SEGMENTS        Name                           Load    Length   Top    Selector   Space  Class

                bssBIGRAM                      000120  000400  000520       120       1  BIGRAM  
                bssBANK1                       000100  000020  000120       100       1  BANK1   
                mediumconst                    00F23E  000DC2  010000      791F       0  MEDIUMCO
                config                         300000  00000A  30000A    300000       0  CONFIG  
                ivt0x8                         000008  0025AC  0025B4         4       0  CODE    
                reset_vec                      000000  000004  000004         0       0  CODE    
                cstackCOMRAM                   000001  00005F  000060         1       1  COMRAM  
                cstackBANK0                    000060  00008D  0000ED        60       1  BANK0   
                idloc                          200000  000010  200010    200000       0  IDLOC   


UNUSED ADDRESS RANGES

        Name                Unused          Largest block    Delta
        BANK0            0000ED-0000FF               13
        BANK10           000A00-000AFF              100
        BANK11           000B00-000BFF              100
        BANK12           000C00-000CFF              100
        BANK13           000D00-000DFF              100
        BANK14           000E00-000EFF              100
        BANK15           000F00-000FFF              100
        BANK5            000520-0005FF               E0
        BANK6            000600-0006FF              100
        BANK7            000700-0007FF              100
        BANK8            000800-0008FF              100
        BANK9            000900-0009FF              100
        BIGRAM           0000ED-0000FF               13
                         000520-000FFF              AE0
        CODE             000004-000007                4
                         0025B4-00F23D             CC8A
        CONST            000004-000007                4
                         0025B4-00F23D             CC8A
        EEDATA           310000-3103FF              400
        MEDIUMCONST      0025B4-00F23D             CC8A
        RAM              0000ED-0000FF               13
                         000520-000FFF              100
        SFR              003800-003FFF              100
        SMALLCONST       0025B4-00F23D              100
        STACK            000520-000FFF              AE0

                                  Symbol Table

?___awdiv                                     cstackCOMRAM 000001
?___lodiv                                     cstackCOMRAM 000001
?___lomod                                     cstackCOMRAM 000001
?___omul                                      cstackCOMRAM 000001
?___wmul                                      cstackCOMRAM 000009
?_pad                                         cstackCOMRAM 000013
?_sprintf                                     cstackBANK0  000060
?_strlen                                      cstackCOMRAM 000001
?_utoa                                        cstackCOMRAM 00001E
?_vfpfcnvrt                                   cstackCOMRAM 00003E
?_vfprintf                                    cstackCOMRAM 000052
IVTBASEH                                      (abs)        003FD6
IVTBASEL                                      (abs)        003FD5
IVTBASEU                                      (abs)        003FD7
OLED_DrawPixel@color                          cstackCOMRAM 000005
OLED_DrawPixel@x                              cstackCOMRAM 000001
OLED_DrawPixel@y                              cstackCOMRAM 000003
OLED_Image@i                                  cstackCOMRAM 000005
OLED_Image@image                              cstackCOMRAM 000001
OLED_SetFont@font                             cstackCOMRAM 000001
OLED_Update@i                                 cstackCOMRAM 00000B
OLED_Update@x                                 cstackCOMRAM 00000A
OLED_Write@b                                  cstackCOMRAM 000027
OLED_Write@cbit                               cstackCOMRAM 00001B
OLED_Write@cbyte                              cstackCOMRAM 000019
OLED_Write@cnt                                cstackCOMRAM 000025
OLED_Write@cx                                 cstackCOMRAM 00001F
OLED_Write@cy                                 cstackCOMRAM 000021
OLED_Write@font_idx                           cstackCOMRAM 00001D
OLED_Write@rowcnt                             cstackCOMRAM 000023
OLED_Write@temp                               cstackCOMRAM 000017
OLED_Write@value                              cstackCOMRAM 000010
OLED_Write@x                                  cstackCOMRAM 000028
OLED_Write@y                                  cstackCOMRAM 00000F
OLED_Write_Text@cnt                           cstackCOMRAM 00002E
OLED_Write_Text@cursorpos                     cstackCOMRAM 00002F
OLED_Write_Text@length                        cstackCOMRAM 000030
OLED_Write_Text@text                          cstackCOMRAM 00002A
OLED_Write_Text@x                             cstackCOMRAM 000031
OLED_Write_Text@y                             cstackCOMRAM 000029
UART1_SetErrorHandler@interruptHandler        cstackCOMRAM 000001
UART1_SetFramingErrorHandler@interruptHandler cstackCOMRAM 000001
UART1_SetOverrunErrorHandler@interruptHandler cstackCOMRAM 000001
UART1_SetRxInterruptHandler@InterruptHandler  cstackCOMRAM 000001
UART1_SetTxInterruptHandler@InterruptHandler  cstackCOMRAM 000001
UART1_Write@txData                            cstackCOMRAM 000001
_ANSELA                                       (abs)        003A40
_ANSELB                                       (abs)        003A50
_ANSELC                                       (abs)        003A60
_ANSELD                                       (abs)        003A70
_ANSELE                                       (abs)        003A80
_I2C1ADB1                                     (abs)        003D6E
_I2C1CLK                                      (abs)        003D7B
_I2C1CNT                                      (abs)        003D6C
_I2C1CON0                                     (abs)        003D73
_I2C1CON0bits                                 (abs)        003D73
_I2C1CON1                                     (abs)        003D74
_I2C1CON2                                     (abs)        003D75
_I2C1ERR                                      (abs)        003D76
_I2C1PIR                                      (abs)        003D79
_I2C1PIRbits                                  (abs)        003D79
_I2C1RXB                                      (abs)        003D6A
_I2C1SCLPPS                                   (abs)        003AE1
_I2C1SDAPPS                                   (abs)        003AE2
_I2C1STAT0bits                                (abs)        003D77
_I2C1STAT1bits                                (abs)        003D78
_I2C1TXB                                      (abs)        003D6B
_I2C1_Initialize                              text43       0023D4
_INLVLA                                       (abs)        003A44
_INLVLB                                       (abs)        003A54
_INLVLC                                       (abs)        003A64
_INLVLD                                       (abs)        003A74
_INLVLE                                       (abs)        003A84
_INTCON0bits                                  (abs)        003FD2
_INTERRUPT_Initialize                         text25       0025A4
_INTERRUPT_InterruptManager                   text48       001F04
_LARGE_FONTS                                  mediumconst  00F59E
_LATA                                         (abs)        003FBA
_LATB                                         (abs)        003FBB
_LATC                                         (abs)        003FBC
_LATD                                         (abs)        003FBD
_LATDbits                                     (abs)        003FBD
_LATE                                         (abs)        003FBE
_NCO1ACCH                                     (abs)        003F39
_NCO1ACCL                                     (abs)        003F38
_NCO1ACCU                                     (abs)        003F3A
_NCO1CLK                                      (abs)        003F3F
_NCO1CON                                      (abs)        003F3E
_NCO1CONbits                                  (abs)        003F3E
_NCO1INCH                                     (abs)        003F3C
_NCO1INCL                                     (abs)        003F3B
_NCO1INCU                                     (abs)        003F3D
_NCO1_Initialize                              text24       00249C
_ODCONA                                       (abs)        003A42
_ODCONB                                       (abs)        003A52
_ODCONC                                       (abs)        003A62
_ODCOND                                       (abs)        003A72
_ODCONE                                       (abs)        003A82
_OLED_ClearDisplay                            text46       002504
_OLED_DrawPixel                               text31       001168
_OLED_Image                                   text45       0021AA
_OLED_Init                                    text34       0016EC
_OLED_SetFont                                 text44       001DFC
_OLED_Update                                  text35       001F78
_OLED_Write                                   text28       0007F4
_OLED_Write$2018                              cstackCOMRAM 000015
_OLED_Write_Text                              text26       0014C2
_OSCCON1                                      (abs)        0039D9
_OSCCON3                                      (abs)        0039DB
_OSCEN                                        (abs)        0039DD
_OSCFRQ                                       (abs)        0039DF
_OSCILLATOR_Initialize                        text23       002522
_OSCTUNE                                      (abs)        0039DE
_PIE3bits                                     (abs)        003993
_PIN_MANAGER_Initialize                       text22       001BF8
_PIR3bits                                     (abs)        0039A3
_PMD0                                         (abs)        0039C0
_PMD1                                         (abs)        0039C1
_PMD2                                         (abs)        0039C2
_PMD3                                         (abs)        0039C3
_PMD4                                         (abs)        0039C4
_PMD5                                         (abs)        0039C5
_PMD6                                         (abs)        0039C6
_PMD7                                         (abs)        0039C7
_PMD_Initialize                               text21       0024C2
_PORTAbits                                    (abs)        003FCA
_PORTDbits                                    (abs)        003FCD
_RB0PPS                                       (abs)        003A08
_RB1I2C                                       (abs)        003A5A
_RB1PPS                                       (abs)        003A09
_RB2I2C                                       (abs)        003A5B
_RC3I2C                                       (abs)        003A6A
_RC4I2C                                       (abs)        003A6B
_RD0I2C                                       (abs)        003A7A
_RD1I2C                                       (abs)        003A7B
_RD1PPS                                       (abs)        003A19
_SLRCONA                                      (abs)        003A43
_SLRCONB                                      (abs)        003A53
_SLRCONC                                      (abs)        003A63
_SLRCOND                                      (abs)        003A73
_SLRCONE                                      (abs)        003A83
_SMALL_FONTS                                  mediumconst  00F23F
_SOjavaLogo                                   mediumconst  00FB92
_SYSTEM_Initialize                            text14       0024E6
_TINY_FONTS                                   mediumconst  00F47D
_TRISA                                        (abs)        003FC2
_TRISB                                        (abs)        003FC3
_TRISC                                        (abs)        003FC4
_TRISD                                        (abs)        003FC5
_TRISE                                        (abs)        003FC6
_U1BRGH                                       (abs)        003DF6
_U1BRGL                                       (abs)        003DF5
_U1CON0                                       (abs)        003DF2
_U1CON1                                       (abs)        003DF3
_U1CON2                                       (abs)        003DF4
_U1ERRIE                                      (abs)        003DFA
_U1ERRIR                                      (abs)        003DF9
_U1ERRIRbits                                  (abs)        003DF9
_U1FIFO                                       (abs)        003DF7
_U1P1H                                        (abs)        003DED
_U1P1L                                        (abs)        003DEC
_U1P2H                                        (abs)        003DEF
_U1P2L                                        (abs)        003DEE
_U1P3H                                        (abs)        003DF1
_U1P3L                                        (abs)        003DF0
_U1RXB                                        (abs)        003DE8
_U1RXPPS                                      (abs)        003AE5
_U1TXB                                        (abs)        003DEA
_U1UIR                                        (abs)        003DF8
_UART1_DefaultErrorHandler                    text53       00259E
_UART1_DefaultFramingErrorHandler             text52       0025B2
_UART1_DefaultOverrunErrorHandler             text51       0025B0
_UART1_ErrorHandler                           nvBANK0      0000E2
_UART1_FramingErrorHandler                    nvBANK0      0000E6
_UART1_Initialize                             text15       001D56
_UART1_OverrunErrorHandler                    nvBANK0      0000E4
_UART1_Receive_ISR                            text50       001B38
_UART1_RxDataHandler                          text54       002470
_UART1_RxInterruptHandler                     nvBANK0      0000EA
_UART1_SetErrorHandler                        text20       002586
_UART1_SetFramingErrorHandler                 text19       002578
_UART1_SetOverrunErrorHandler                 text18       00256A
_UART1_SetRxInterruptHandler                  text17       00255C
_UART1_SetTxInterruptHandler                  text16       00254E
_UART1_Transmit_ISR                           text49       00228C
_UART1_TxInterruptHandler                     nvBANK0      0000E8
_UART1_Write                                  text9        001FE2
_WPUA                                         (abs)        003A41
_WPUB                                         (abs)        003A51
_WPUC                                         (abs)        003A61
_WPUD                                         (abs)        003A71
_WPUE                                         (abs)        003A81
__CFG_BBEN$OFF                                (abs)        000000
__CFG_BBSIZE$BBSIZE_512                       (abs)        000000
__CFG_BOREN$SBORDIS                           (abs)        000000
__CFG_BORV$VBOR_2P45                          (abs)        000000
__CFG_CLKOUTEN$OFF                            (abs)        000000
__CFG_CP$OFF                                  (abs)        000000
__CFG_CSWEN$ON                                (abs)        000000
__CFG_DEBUG$OFF                               (abs)        000000
__CFG_FCMEN$ON                                (abs)        000000
__CFG_FEXTOSC$OFF                             (abs)        000000
__CFG_IVT1WAY$ON                              (abs)        000000
__CFG_LPBOREN$OFF                             (abs)        000000
__CFG_LVP$ON                                  (abs)        000000
__CFG_MCLRE$EXTMCLR                           (abs)        000000
__CFG_MVECEN$OFF                              (abs)        000000
__CFG_PPS1WAY$ON                              (abs)        000000
__CFG_PR1WAY$ON                               (abs)        000000
__CFG_PWRTS$PWRT_OFF                          (abs)        000000
__CFG_RSTOSC$HFINTOSC_64MHZ                   (abs)        000000
__CFG_SAFEN$OFF                               (abs)        000000
__CFG_STVREN$ON                               (abs)        000000
__CFG_WDTCCS$SC                               (abs)        000000
__CFG_WDTCPS$WDTCPS_31                        (abs)        000000
__CFG_WDTCWS$WDTCWS_7                         (abs)        000000
__CFG_WDTE$OFF                                (abs)        000000
__CFG_WRTAPP$OFF                              (abs)        000000
__CFG_WRTB$OFF                                (abs)        000000
__CFG_WRTC$OFF                                (abs)        000000
__CFG_WRTD$OFF                                (abs)        000000
__CFG_WRTSAF$OFF                              (abs)        000000
__CFG_XINST$OFF                               (abs)        000000
__CFG_ZCD$OFF                                 (abs)        000000
__HRAM                                        (abs)        000000
__Habs1                                       abs1         000000
__Hbank0                                      bank0        000000
__Hbank1                                      bank1        000000
__Hbank10                                     bank10       000000
__Hbank11                                     bank11       000000
__Hbank12                                     bank12       000000
__Hbank13                                     bank13       000000
__Hbank14                                     bank14       000000
__Hbank15                                     bank15       000000
__Hbank2                                      bank2        000000
__Hbank3                                      bank3        000000
__Hbank4                                      bank4        000000
__Hbank5                                      bank5        000000
__Hbank6                                      bank6        000000
__Hbank7                                      bank7        000000
__Hbank8                                      bank8        000000
__Hbank9                                      bank9        000000
__Hbigbss                                     bigbss       000000
__Hbigdata                                    bigdata      000000
__Hbigram                                     bigram       000000
__Hbss                                        bss          000000
__HbssBANK0                                   bssBANK0     000000
__HbssBANK1                                   bssBANK1     000000
__HbssBIGRAM                                  bssBIGRAM    000000
__HbssCOMRAM                                  bssCOMRAM    000000
__Hcinit                                      cinit        000000
__Hclrtext                                    clrtext      000000
__Hcomram                                     comram       000000
__Hconfig                                     config       30000A
__Hconst                                      const        000000
__HcstackBANK0                                cstackBANK0  000000
__HcstackCOMRAM                               cstackCOMRAM 000000
__Hdata                                       data         000000
__Heeprom_data                                eeprom_data  000000
__Hfarbss                                     farbss       000000
__Hfardata                                    fardata      000000
__Hibigdata                                   ibigdata     000000
__Hidata                                      idata        000000
__Hidloc                                      idloc        200010
__Hifardata                                   ifardata     000000
__Hinit                                       init         00001E
__Hintsave_regs                               intsave_regs 000000
__Hirdata                                     irdata       000000
__Hivt0x8                                     ivt0x8       00001A
__Hmediumconst                                mediumconst  010000
__HnvBANK0                                    nvBANK0      000000
__HnvFARRAM                                   nvFARRAM     000000
__Hnvbit                                      nvbit        000000
__Hnvrram                                     nvrram       000000
__Hparam                                      rparam       000000
__Hpowerup                                    powerup      000000
__Hram                                        ram          000000
__Hramtop                                     ramtop       001000
__Hrbit                                       rbit         000000
__Hrbss                                       rbss         000000
__Hrdata                                      rdata        000000
__Hreset_vec                                  reset_vec    000004
__Hrparam                                     rparam       000000
__Hsfr                                        sfr          000000
__Hsmallconst                                 smallconst   000000
__Hspace_0                                    (abs)        30000A
__Hspace_1                                    (abs)        000520
__Hspace_2                                    (abs)        000000
__Hstack                                      stack        000000
__Hstruct                                     struct       000000
__Htemp                                       temp         000000
__Htext                                       text         000000
__Htext0                                      text0        000000
__Htext1                                      text1        000000
__Htext10                                     text10       000000
__Htext11                                     text11       000000
__Htext12                                     text12       000000
__Htext13                                     text13       000000
__Htext14                                     text14       000000
__Htext15                                     text15       000000
__Htext16                                     text16       000000
__Htext17                                     text17       000000
__Htext18                                     text18       000000
__Htext19                                     text19       000000
__Htext2                                      text2        000000
__Htext20                                     text20       000000
__Htext21                                     text21       000000
__Htext22                                     text22       000000
__Htext23                                     text23       000000
__Htext24                                     text24       000000
__Htext25                                     text25       000000
__Htext26                                     text26       000000
__Htext27                                     text27       000000
__Htext28                                     text28       000000
__Htext29                                     text29       000000
__Htext3                                      text3        000000
__Htext30                                     text30       000000
__Htext31                                     text31       000000
__Htext32                                     text32       000000
__Htext33                                     text33       000000
__Htext34                                     text34       000000
__Htext35                                     text35       000000
__Htext36                                     text36       000000
__Htext37                                     text37       000000
__Htext38                                     text38       000000
__Htext39                                     text39       000000
__Htext4                                      text4        000000
__Htext40                                     text40       000000
__Htext41                                     text41       000000
__Htext42                                     text42       000000
__Htext43                                     text43       000000
__Htext44                                     text44       000000
__Htext45                                     text45       000000
__Htext46                                     text46       000000
__Htext47                                     text47       000000
__Htext48                                     text48       000000
__Htext49                                     text49       000000
__Htext5                                      text5        000000
__Htext50                                     text50       000000
__Htext51                                     text51       000000
__Htext52                                     text52       000000
__Htext53                                     text53       000000
__Htext54                                     text54       000000
__Htext55                                     text55       000000
__Htext6                                      text6        000000
__Htext7                                      text7        000000
__Htext8                                      text8        000000
__Htext9                                      text9        000000
__LRAM                                        (abs)        000001
__Labs1                                       abs1         000000
__Lbank0                                      bank0        000000
__Lbank1                                      bank1        000000
__Lbank10                                     bank10       000000
__Lbank11                                     bank11       000000
__Lbank12                                     bank12       000000
__Lbank13                                     bank13       000000
__Lbank14                                     bank14       000000
__Lbank15                                     bank15       000000
__Lbank2                                      bank2        000000
__Lbank3                                      bank3        000000
__Lbank4                                      bank4        000000
__Lbank5                                      bank5        000000
__Lbank6                                      bank6        000000
__Lbank7                                      bank7        000000
__Lbank8                                      bank8        000000
__Lbank9                                      bank9        000000
__Lbigbss                                     bigbss       000000
__Lbigdata                                    bigdata      000000
__Lbigram                                     bigram       000000
__Lbss                                        bss          000000
__LbssBANK0                                   bssBANK0     000000
__LbssBANK1                                   bssBANK1     000000
__LbssBIGRAM                                  bssBIGRAM    000000
__LbssCOMRAM                                  bssCOMRAM    000000
__Lcinit                                      cinit        000000
__Lclrtext                                    clrtext      000000
__Lcomram                                     comram       000000
__Lconfig                                     config       300000
__Lconst                                      const        000000
__LcstackBANK0                                cstackBANK0  000000
__LcstackCOMRAM                               cstackCOMRAM 000000
__Ldata                                       data         000000
__Leeprom_data                                eeprom_data  000000
__Lfarbss                                     farbss       000000
__Lfardata                                    fardata      000000
__Libigdata                                   ibigdata     000000
__Lidata                                      idata        000000
__Lidloc                                      idloc        200000
__Lifardata                                   ifardata     000000
__Linit                                       init         00001A
__Lintsave_regs                               intsave_regs 000000
__Lirdata                                     irdata       000000
__Livt0x8                                     ivt0x8       000008
__Lmediumconst                                mediumconst  00F23E
__LnvBANK0                                    nvBANK0      000000
__LnvFARRAM                                   nvFARRAM     000000
__Lnvbit                                      nvbit        000000
__Lnvrram                                     nvrram       000000
__Lparam                                      rparam       000000
__Lpowerup                                    powerup      000000
__Lram                                        ram          000000
__Lramtop                                     ramtop       001000
__Lrbit                                       rbit         000000
__Lrbss                                       rbss         000000
__Lrdata                                      rdata        000000
__Lreset_vec                                  reset_vec    000000
__Lrparam                                     rparam       000000
__Lsfr                                        sfr          000000
__Lsmallconst                                 smallconst   000000
__Lspace_0                                    (abs)        000000
__Lspace_1                                    (abs)        000000
__Lspace_2                                    (abs)        000000
__Lstack                                      stack        000000
__Lstruct                                     struct       000000
__Ltemp                                       temp         000000
__Ltext                                       text         000000
__Ltext0                                      text0        000000
__Ltext1                                      text1        000000
__Ltext10                                     text10       000000
__Ltext11                                     text11       000000
__Ltext12                                     text12       000000
__Ltext13                                     text13       000000
__Ltext14                                     text14       000000
__Ltext15                                     text15       000000
__Ltext16                                     text16       000000
__Ltext17                                     text17       000000
__Ltext18                                     text18       000000
__Ltext19                                     text19       000000
__Ltext2                                      text2        000000
__Ltext20                                     text20       000000
__Ltext21                                     text21       000000
__Ltext22                                     text22       000000
__Ltext23                                     text23       000000
__Ltext24                                     text24       000000
__Ltext25                                     text25       000000
__Ltext26                                     text26       000000
__Ltext27                                     text27       000000
__Ltext28                                     text28       000000
__Ltext29                                     text29       000000
__Ltext3                                      text3        000000
__Ltext30                                     text30       000000
__Ltext31                                     text31       000000
__Ltext32                                     text32       000000
__Ltext33                                     text33       000000
__Ltext34                                     text34       000000
__Ltext35                                     text35       000000
__Ltext36                                     text36       000000
__Ltext37                                     text37       000000
__Ltext38                                     text38       000000
__Ltext39                                     text39       000000
__Ltext4                                      text4        000000
__Ltext40                                     text40       000000
__Ltext41                                     text41       000000
__Ltext42                                     text42       000000
__Ltext43                                     text43       000000
__Ltext44                                     text44       000000
__Ltext45                                     text45       000000
__Ltext46                                     text46       000000
__Ltext47                                     text47       000000
__Ltext48                                     text48       000000
__Ltext49                                     text49       000000
__Ltext5                                      text5        000000
__Ltext50                                     text50       000000
__Ltext51                                     text51       000000
__Ltext52                                     text52       000000
__Ltext53                                     text53       000000
__Ltext54                                     text54       000000
__Ltext55                                     text55       000000
__Ltext6                                      text6        000000
__Ltext7                                      text7        000000
__Ltext8                                      text8        000000
__Ltext9                                      text9        000000
__S0                                          (abs)        30000A
__S1                                          (abs)        000520
__S2                                          (abs)        000000
___awdiv                                      text30       001A70
___awdiv@counter                              cstackCOMRAM 000005
___awdiv@dividend                             cstackCOMRAM 000001
___awdiv@divisor                              cstackCOMRAM 000003
___awdiv@quotient                             cstackCOMRAM 000007
___awdiv@sign                                 cstackCOMRAM 000006
___inthi_sp                                   stack        000000
___intlo_sp                                   stack        000000
___lodiv                                      text11       0015EC
___lodiv@counter                              cstackCOMRAM 000019
___lodiv@dividend                             cstackCOMRAM 000001
___lodiv@divisor                              cstackCOMRAM 000009
___lodiv@quotient                             cstackCOMRAM 000011
___lomod                                      text10       0018B8
___lomod@counter                              cstackCOMRAM 000011
___lomod@dividend                             cstackCOMRAM 000001
___lomod@divisor                              cstackCOMRAM 000009
___omul                                       text13       001CA8
___omul@multiplicand                          cstackCOMRAM 000009
___omul@multiplier                            cstackCOMRAM 000001
___omul@product                               cstackCOMRAM 000011
___param_bank                                 (abs)        000000
___rparam_used                                (abs)        000001
___sp                                         stack        000000
___wmul                                       text29       002442
___wmul@multiplicand                          cstackCOMRAM 00000B
___wmul@multiplier                            cstackCOMRAM 000009
___wmul@product                               cstackCOMRAM 00000D
__accesstop                                   (abs)        000060
__activetblptr                                (abs)        000003
__end_of_I2C1_Initialize                      text43       002412
__end_of_INTERRUPT_Initialize                 text25       0025A8
__end_of_INTERRUPT_InterruptManager           text48       001F78
__end_of_LARGE_FONTS                          mediumconst  00FB92
__end_of_NCO1_Initialize                      text24       0024C2
__end_of_OLED_ClearDisplay                    text46       002522
__end_of_OLED_DrawPixel                       text31       00132A
__end_of_OLED_Image                           text45       0021F8
__end_of_OLED_Init                            text34       0017D6
__end_of_OLED_SetFont                         text44       001E8C
__end_of_OLED_Update                          text35       001FE2
__end_of_OLED_Write                           text28       000C2A
__end_of_OLED_Write_Text                      text26       0015EC
__end_of_OSCILLATOR_Initialize                text23       00253A
__end_of_PIN_MANAGER_Initialize               text22       001CA8
__end_of_PMD_Initialize                       text21       0024E6
__end_of_SMALL_FONTS                          mediumconst  00F47D
__end_of_SOjavaLogo                           mediumconst  00FF92
__end_of_SYSTEM_Initialize                    text14       002504
__end_of_TINY_FONTS                           mediumconst  00F59E
__end_of_UART1_DefaultErrorHandler            text53       0025A4
__end_of_UART1_DefaultFramingErrorHandler     text52       0025B4
__end_of_UART1_DefaultOverrunErrorHandler     text51       0025B2
__end_of_UART1_Initialize                     text15       001DFC
__end_of_UART1_Receive_ISR                    text50       001BF8
__end_of_UART1_RxDataHandler                  text54       00249C
__end_of_UART1_SetErrorHandler                text20       002594
__end_of_UART1_SetFramingErrorHandler         text19       002586
__end_of_UART1_SetOverrunErrorHandler         text18       002578
__end_of_UART1_SetRxInterruptHandler          text17       00256A
__end_of_UART1_SetTxInterruptHandler          text16       00255C
__end_of_UART1_Transmit_ISR                   text49       0022D4
__end_of_UART1_Write                          text9        002044
__end_of___awdiv                              text30       001B38
__end_of___lodiv                              text11       0016EC
__end_of___lomod                              text10       001998
__end_of___omul                               text13       001D56
__end_of___wmul                               text29       002470
__end_of__initialization                      cinit        00223C
__end_of_fputc                                text7        001A70
__end_of_fputs                                text6        00228C
__end_of_height                               text33       0025B0
__end_of_i2c1_write1ByteRegister              text37       002442
__end_of_i2c1_writeNBytesRegister             text38       0020A6
__end_of_main                                 text0        0007F4
__end_of_memset                               text47       0014C2
__end_of_pad                                  text5        0018B8
__end_of_putch                                text8        00259E
__end_of_saveCounter                          text12       0021AA
__end_of_sendByte                             text42       00231A
__end_of_sprintf                              text1        00215C
__end_of_ssd1306_command                      text36       00254E
__end_of_strlen                               text27       002102
__end_of_utoa                                 text4        001168
__end_of_vfpfcnvrt                            text3        000F00
__end_of_vfprintf                             text2        001F04
__end_of_wait4BusFree                         text41       0023D4
__end_of_wait4Start                           text40       002396
__end_of_wait4Stop                            text39       002358
__end_of_width                                text32       0025AC
__end_ofmain@xtalfreq                         mediumconst  00FF9A
__initialization                              cinit        0021F8
__mediumconst                                 mediumconst  00F23E
__pbssBANK0                                   bssBANK0     0000BA
__pbssBANK1                                   bssBANK1     000100
__pbssBIGRAM                                  bssBIGRAM    000120
__pbssCOMRAM                                  bssCOMRAM    00005A
__pcinit                                      cinit        0021F8
__pcstackBANK0                                cstackBANK0  000060
__pcstackCOMRAM                               cstackCOMRAM 000001
__pivt0x8                                     ivt0x8       000008
__pmediumconst                                mediumconst  00F23E
__pnvBANK0                                    nvBANK0      0000E2
__ptext0                                      text0        00001E
__ptext1                                      text1        002102
__ptext10                                     text10       0018B8
__ptext11                                     text11       0015EC
__ptext12                                     text12       00215C
__ptext13                                     text13       001CA8
__ptext14                                     text14       0024E6
__ptext15                                     text15       001D56
__ptext16                                     text16       00254E
__ptext17                                     text17       00255C
__ptext18                                     text18       00256A
__ptext19                                     text19       002578
__ptext2                                      text2        001E8C
__ptext20                                     text20       002586
__ptext21                                     text21       0024C2
__ptext22                                     text22       001BF8
__ptext23                                     text23       002522
__ptext24                                     text24       00249C
__ptext25                                     text25       0025A4
__ptext26                                     text26       0014C2
__ptext27                                     text27       0020A6
__ptext28                                     text28       0007F4
__ptext29                                     text29       002442
__ptext3                                      text3        000C2A
__ptext30                                     text30       001A70
__ptext31                                     text31       001168
__ptext32                                     text32       0025A8
__ptext33                                     text33       0025AC
__ptext34                                     text34       0016EC
__ptext35                                     text35       001F78
__ptext36                                     text36       00253A
__ptext37                                     text37       002412
__ptext38                                     text38       002044
__ptext39                                     text39       00231A
__ptext4                                      text4        000F00
__ptext40                                     text40       002358
__ptext41                                     text41       002396
__ptext42                                     text42       0022D4
__ptext43                                     text43       0023D4
__ptext44                                     text44       001DFC
__ptext45                                     text45       0021AA
__ptext46                                     text46       002504
__ptext47                                     text47       00132A
__ptext48                                     text48       001F04
__ptext49                                     text49       00228C
__ptext5                                      text5        0017D6
__ptext50                                     text50       001B38
__ptext51                                     text51       0025B0
__ptext52                                     text52       0025B2
__ptext53                                     text53       00259E
__ptext54                                     text54       002470
__ptext55                                     text55       000000
__ptext6                                      text6        002242
__ptext7                                      text7        001998
__ptext8                                      text8        002594
__ptext9                                      text9        001FE2
__ramtop                                      ramtop       001000
__size_of_I2C1_Initialize                     (abs)        000000
__size_of_INTERRUPT_Initialize                (abs)        000000
__size_of_INTERRUPT_InterruptManager          (abs)        000000
__size_of_NCO1_Initialize                     (abs)        000000
__size_of_OLED_ClearDisplay                   (abs)        000000
__size_of_OLED_DrawPixel                      (abs)        000000
__size_of_OLED_Image                          (abs)        000000
__size_of_OLED_Init                           (abs)        000000
__size_of_OLED_SetFont                        (abs)        000000
__size_of_OLED_Update                         (abs)        000000
__size_of_OLED_Write                          (abs)        000000
__size_of_OLED_Write_Text                     (abs)        000000
__size_of_OSCILLATOR_Initialize               (abs)        000000
__size_of_PIN_MANAGER_Initialize              (abs)        000000
__size_of_PMD_Initialize                      (abs)        000000
__size_of_SYSTEM_Initialize                   (abs)        000000
__size_of_UART1_DefaultErrorHandler           (abs)        000000
__size_of_UART1_DefaultFramingErrorHandler    (abs)        000000
__size_of_UART1_DefaultOverrunErrorHandler    (abs)        000000
__size_of_UART1_Initialize                    (abs)        000000
__size_of_UART1_Receive_ISR                   (abs)        000000
__size_of_UART1_RxDataHandler                 (abs)        000000
__size_of_UART1_SetErrorHandler               (abs)        000000
__size_of_UART1_SetFramingErrorHandler        (abs)        000000
__size_of_UART1_SetOverrunErrorHandler        (abs)        000000
__size_of_UART1_SetRxInterruptHandler         (abs)        000000
__size_of_UART1_SetTxInterruptHandler         (abs)        000000
__size_of_UART1_Transmit_ISR                  (abs)        000000
__size_of_UART1_Write                         (abs)        000000
__size_of___awdiv                             (abs)        000000
__size_of___lodiv                             (abs)        000000
__size_of___lomod                             (abs)        000000
__size_of___omul                              (abs)        000000
__size_of___wmul                              (abs)        000000
__size_of_fputc                               (abs)        000000
__size_of_fputs                               (abs)        000000
__size_of_height                              (abs)        000000
__size_of_i2c1_write1ByteRegister             (abs)        000000
__size_of_i2c1_writeNBytesRegister            (abs)        000000
__size_of_main                                (abs)        000000
__size_of_memset                              (abs)        000000
__size_of_pad                                 (abs)        000000
__size_of_putch                               (abs)        000000
__size_of_saveCounter                         (abs)        000000
__size_of_sendByte                            (abs)        000000
__size_of_sprintf                             (abs)        000000
__size_of_ssd1306_command                     (abs)        000000
__size_of_strlen                              (abs)        000000
__size_of_utoa                                (abs)        000000
__size_of_vfpfcnvrt                           (abs)        000000
__size_of_vfprintf                            (abs)        000000
__size_of_wait4BusFree                        (abs)        000000
__size_of_wait4Start                          (abs)        000000
__size_of_wait4Stop                           (abs)        000000
__size_of_width                               (abs)        000000
__smallconst                                  smallconst   000000
_buffer                                       bssBIGRAM    000120
_cfont                                        bssBANK0     0000D2
_dbuf                                         bssBANK1     000100
_flags                                        bssBANK0     0000DF
_fputc                                        text7        001998
_fputs                                        text6        002242
_height                                       text33       0025AC
_i2c1_write1ByteRegister                      text37       002412
_i2c1_writeNBytesRegister                     text38       002044
_lastError                                    bssCOMRAM    00005A
_main                                         text0        00001E
_memset                                       text47       00132A
_nout                                         bssBANK0     0000D9
_pad                                          text5        0017D6
_prec                                         bssBANK0     0000DD
_putch                                        text8        002594
_saveCounter                                  text12       00215C
_sendByte                                     text42       0022D4
_sprintf                                      text1        002102
_ssd1306_command                              text36       00253A
_strlen                                       text27       0020A6
_uart1RxBuffer                                bssBANK0     0000C2
_uart1RxCount                                 bssCOMRAM    00005B
_uart1RxHead                                  bssCOMRAM    00005D
_uart1RxLastError                             bssBANK0     0000E1
_uart1RxStatusBuffer                          bssBANK0     0000BA
_uart1RxTail                                  bssCOMRAM    00005C
_uart1TxBuffer                                bssBANK0     0000CA
_uart1TxBufferRemaining                       nvBANK0      0000EC
_uart1TxHead                                  bssCOMRAM    00005F
_uart1TxTail                                  bssCOMRAM    00005E
_utoa                                         text4        000F00
_vfpfcnvrt                                    text3        000C2A
_vfprintf                                     text2        001E8C
_wait4BusFree                                 text41       002396
_wait4Start                                   text40       002358
_wait4Stop                                    text39       00231A
_width                                        text32       0025A8
doprnt@width                                  bssBANK0     0000DB
end_of_initialization                         cinit        00223C
fputc@c                                       cstackCOMRAM 000003
fputc@fp                                      cstackCOMRAM 000005
fputs@c                                       cstackCOMRAM 000010
fputs@fp                                      cstackCOMRAM 00000E
fputs@i                                       cstackCOMRAM 000011
fputs@s                                       cstackCOMRAM 00000C
i2c1_write1ByteRegister@address               cstackCOMRAM 000005
i2c1_write1ByteRegister@data                  cstackCOMRAM 000004
i2c1_write1ByteRegister@reg                   cstackCOMRAM 000003
i2c1_writeNBytesRegister@address              cstackCOMRAM 000007
i2c1_writeNBytesRegister@data                 cstackCOMRAM 000004
i2c1_writeNBytesRegister@dataPointer          cstackCOMRAM 000008
i2c1_writeNBytesRegister@len                  cstackCOMRAM 000006
i2c1_writeNBytesRegister@reg                  cstackCOMRAM 000003
intlevel0                                     text         000000
intlevel1                                     text         000000
intlevel2                                     text         000000
intlevel3                                     text         000000
ivt0x8_base                                   ivt0x8       000008
main@FREQvalue                                cstackBANK0  0000AF
main@NCOCounter                               cstackBANK0  0000B7
main@automaticclock                           cstackBANK0  0000AE
main@frequencytext                            cstackBANK0  00007E
memset@c                                      cstackCOMRAM 000003
memset@dest                                   cstackCOMRAM 000001
memset@k                                      cstackCOMRAM 000009
memset@n                                      cstackCOMRAM 000005
memset@s                                      cstackCOMRAM 00000B
pad@buf                                       cstackCOMRAM 000015
pad@fp                                        cstackCOMRAM 000013
pad@i                                         cstackCOMRAM 00001A
pad@p                                         cstackCOMRAM 000017
pad@w                                         cstackCOMRAM 00001C
putch@txData                                  cstackCOMRAM 000002
saveCounter@Counter                           cstackCOMRAM 000001
sendByte@data                                 cstackCOMRAM 000001
sendByte@delayCounter                         cstackCOMRAM 000002
sprintf@ap                                    cstackBANK0  00006E
sprintf@f                                     cstackBANK0  000070
sprintf@fmt                                   cstackBANK0  000062
sprintf@s                                     cstackBANK0  000060
ssd1306_command@command                       cstackCOMRAM 000006
stackhi                                       (abs)        000FFF
stacklo                                       (abs)        000520
start                                         init         00001A
start_initialization                          cinit        0021F8
strlen@a                                      cstackCOMRAM 000003
strlen@s                                      cstackCOMRAM 000001
utoa@d                                        cstackCOMRAM 000020
utoa@fp                                       cstackCOMRAM 00001E
utoa@i                                        cstackCOMRAM 00003C
utoa@n                                        cstackCOMRAM 000034
utoa@p                                        cstackCOMRAM 000030
utoa@w                                        cstackCOMRAM 000032
vfpfcnvrt@ap                                  cstackCOMRAM 000042
vfpfcnvrt@done                                cstackCOMRAM 000050
vfpfcnvrt@fmt                                 cstackCOMRAM 000040
vfpfcnvrt@fp                                  cstackCOMRAM 00003E
vfpfcnvrt@llu                                 cstackCOMRAM 000048
vfprintf@ap                                   cstackCOMRAM 000056
vfprintf@cfmt                                 cstackCOMRAM 000058
vfprintf@fmt                                  cstackCOMRAM 000054
vfprintf@fp                                   cstackCOMRAM 000052
wait4BusFree@waitCount                        cstackCOMRAM 000001
wait4Start@waitCount                          cstackCOMRAM 000001
wait4Stop@waitCount                           cstackCOMRAM 000001


FUNCTION INFORMATION:

 *************** function _main *****************
 Defined at:
		line 57 in file "main.c"
 Parameters:    Size  Location     Type
		None
 Auto vars:     Size  Location     Type
  frequencytex   48   30[BANK0 ] unsigned char [48]
  FREQvalue       8   79[BANK0 ] unsigned long long 
  NCOCounter      3   87[BANK0 ] unsigned um
  automaticclo    1   78[BANK0 ] _Bool 
 Return value:  Size  Location     Type
                  1    wreg      void 
 Registers used:
		wreg, fsr0l, fsr0h, fsr1l, fsr1h, fsr2l, fsr2h, status,2, status,0, tblptrl, tblptrh, tblptru, prodl, prodh, cstack
 Tracked objects:
		On entry : 
		On exit  : 
		Unchanged: 
 Data sizes:     COMRAM   BANK0   BANK1   BANK2   BANK3   BANK4   BANK5   BANK6   BANK7   BANK8   BANK9  BANK10  BANK11  BANK12  BANK13  BANK14  BANK15
      Params:         0       0       0       0       0       0       0       0       0       0       0       0       0       0       0       0       0
      Locals:         0      60       0       0       0       0       0       0       0       0       0       0       0       0       0       0       0
      Temps:          0       8       0       0       0       0       0       0       0       0       0       0       0       0       0       0       0
      Totals:         0      68       0       0       0       0       0       0       0       0       0       0       0       0       0       0       0
Total ram usage:       68 bytes
 Hardware stack levels required when called:   13
 This function calls:
		_OLED_ClearDisplay
		_OLED_Init
		_OLED_Update
		_OLED_Write_Text
		_SYSTEM_Initialize
		___omul
		_saveCounter
		_sprintf
 This function is called by:
		Startup code after reset
 This function uses a non-reentrant model


 *************** function _sprintf *****************
 Defined at:
		line 9 in file "/Applications/microchip/xc8/v2.10/pic/sources/c99/common/nf_sprintf.c"
 Parameters:    Size  Location     Type
  s               2    0[BANK0 ] PTR unsigned char 
		 -> main@frequencytext(48), 
  fmt             2    2[BANK0 ] PTR const unsigned char 
		 -> STR_9(46), STR_8(46), STR_4(46), STR_1(46), 
 Auto vars:     Size  Location     Type
  f               6   16[BANK0 ] struct _IO_FILE
  ap              2   14[BANK0 ] PTR void [1]
		 -> ?_sprintf(2), 
  ret             2    0        int 
 Return value:  Size  Location     Type
                  2    0[BANK0 ] int 
 Registers used:
		wreg, fsr0l, fsr0h, fsr1l, fsr1h, fsr2l, fsr2h, status,2, status,0, tblptrl, tblptrh, tblptru, cstack
 Tracked objects:
		On entry : 
		On exit  : 
		Unchanged: 
 Data sizes:     COMRAM   BANK0   BANK1   BANK2   BANK3   BANK4   BANK5   BANK6   BANK7   BANK8   BANK9  BANK10  BANK11  BANK12  BANK13  BANK14  BANK15
      Params:         0      12       0       0       0       0       0       0       0       0       0       0       0       0       0       0       0
      Locals:         0      10       0       0       0       0       0       0       0       0       0       0       0       0       0       0       0
      Temps:          0       0       0       0       0       0       0       0       0       0       0       0       0       0       0       0       0
      Totals:         0      22       0       0       0       0       0       0       0       0       0       0       0       0       0       0       0
Total ram usage:       22 bytes
 Hardware stack levels used:    1
 Hardware stack levels required when called:   12
 This function calls:
		_vfprintf
 This function is called by:
		_main
 This function uses a non-reentrant model


 *************** function _vfprintf *****************
 Defined at:
		line 1368 in file "/Applications/microchip/xc8/v2.10/pic/sources/c99/common/doprnt.c"
 Parameters:    Size  Location     Type
  fp              2   81[COMRAM] PTR struct _IO_FILE
		 -> sprintf@f(6), 
  fmt             2   83[COMRAM] PTR const unsigned char 
		 -> STR_9(46), STR_8(46), STR_4(46), STR_1(46), 
  ap              2   85[COMRAM] PTR PTR void 
		 -> sprintf@ap(2), 
 Auto vars:     Size  Location     Type
  cfmt            2   87[COMRAM] PTR unsigned char 
		 -> STR_9(46), STR_8(46), STR_4(46), STR_1(46), 
 Return value:  Size  Location     Type
                  2   81[COMRAM] int 
 Registers used:
		wreg, fsr0l, fsr0h, fsr1l, fsr1h, fsr2l, fsr2h, status,2, status,0, tblptrl, tblptrh, tblptru, cstack
 Tracked objects:
		On entry : 
		On exit  : 
		Unchanged: 
 Data sizes:     COMRAM   BANK0   BANK1   BANK2   BANK3   BANK4   BANK5   BANK6   BANK7   BANK8   BANK9  BANK10  BANK11  BANK12  BANK13  BANK14  BANK15
      Params:         6       0       0       0       0       0       0       0       0       0       0       0       0       0       0       0       0
      Locals:         2       0       0       0       0       0       0       0       0       0       0       0       0       0       0       0       0
      Temps:          0       0       0       0       0       0       0       0       0       0       0       0       0       0       0       0       0
      Totals:         8       0       0       0       0       0       0       0       0       0       0       0       0       0       0       0       0
Total ram usage:        8 bytes
 Hardware stack levels used:    1
 Hardware stack levels required when called:   11
 This function calls:
		_vfpfcnvrt
 This function is called by:
		_sprintf
 This function uses a non-reentrant model


 *************** function _vfpfcnvrt *****************
 Defined at:
		line 670 in file "/Applications/microchip/xc8/v2.10/pic/sources/c99/common/doprnt.c"
 Parameters:    Size  Location     Type
  fp              2   61[COMRAM] PTR struct _IO_FILE
		 -> sprintf@f(6), 
  fmt             2   63[COMRAM] PTR PTR unsigned char 
		 -> vfprintf@cfmt(2), 
  ap              2   65[COMRAM] PTR PTR void 
		 -> sprintf@ap(2), 
 Auto vars:     Size  Location     Type
  llu             8   71[COMRAM] unsigned long long 
  ll              8    0        long long 
  f               4    0        long long 
  vp              3    0        PTR void 
  ct              3    0        unsigned char [3]
  cp              3    0        PTR unsigned char 
  done            2   79[COMRAM] int 
  i               2    0        int 
  c               1    0        unsigned char 
 Return value:  Size  Location     Type
                  2   61[COMRAM] int 
 Registers used:
		wreg, fsr0l, fsr0h, fsr1l, fsr1h, fsr2l, fsr2h, status,2, status,0, tblptrl, tblptrh, tblptru, cstack
 Tracked objects:
		On entry : 
		On exit  : 
		Unchanged: 
 Data sizes:     COMRAM   BANK0   BANK1   BANK2   BANK3   BANK4   BANK5   BANK6   BANK7   BANK8   BANK9  BANK10  BANK11  BANK12  BANK13  BANK14  BANK15
      Params:         6       0       0       0       0       0       0       0       0       0       0       0       0       0       0       0       0
      Locals:        10       0       0       0       0       0       0       0       0       0       0       0       0       0       0       0       0
      Temps:          4       0       0       0       0       0       0       0       0       0       0       0       0       0       0       0       0
      Totals:        20       0       0       0       0       0       0       0       0       0       0       0       0       0       0       0       0
Total ram usage:       20 bytes
 Hardware stack levels used:    1
 Hardware stack levels required when called:   10
 This function calls:
		_fputc
		_utoa
 This function is called by:
		_vfprintf
 This function uses a non-reentrant model


 *************** function _utoa *****************
 Defined at:
		line 593 in file "/Applications/microchip/xc8/v2.10/pic/sources/c99/common/doprnt.c"
 Parameters:    Size  Location     Type
  fp              2   29[COMRAM] PTR struct _IO_FILE
		 -> sprintf@f(6), 
  d               8   31[COMRAM] unsigned long long 
 Auto vars:     Size  Location     Type
  n               8   51[COMRAM] unsigned long long 
  i               2   59[COMRAM] int 
  w               2   49[COMRAM] int 
  p               2   47[COMRAM] int 
 Return value:  Size  Location     Type
                  2   29[COMRAM] int 
 Registers used:
		wreg, fsr0l, fsr0h, fsr1l, fsr1h, fsr2l, fsr2h, status,2, status,0, tblptrl, tblptrh, tblptru, cstack
 Tracked objects:
		On entry : 
		On exit  : 
		Unchanged: 
 Data sizes:     COMRAM   BANK0   BANK1   BANK2   BANK3   BANK4   BANK5   BANK6   BANK7   BANK8   BANK9  BANK10  BANK11  BANK12  BANK13  BANK14  BANK15
      Params:        10       0       0       0       0       0       0       0       0       0       0       0       0       0       0       0       0
      Locals:        14       0       0       0       0       0       0       0       0       0       0       0       0       0       0       0       0
      Temps:          8       0       0       0       0       0       0       0       0       0       0       0       0       0       0       0       0
      Totals:        32       0       0       0       0       0       0       0       0       0       0       0       0       0       0       0       0
Total ram usage:       32 bytes
 Hardware stack levels used:    1
 Hardware stack levels required when called:    9
 This function calls:
		___lodiv
		___lomod
		_pad
 This function is called by:
		_vfpfcnvrt
 This function uses a non-reentrant model


 *************** function _pad *****************
 Defined at:
		line 72 in file "/Applications/microchip/xc8/v2.10/pic/sources/c99/common/doprnt.c"
 Parameters:    Size  Location     Type
  fp              2   18[COMRAM] PTR struct _IO_FILE
		 -> sprintf@f(6), 
  buf             2   20[COMRAM] PTR unsigned char 
		 -> dbuf(32), 
  p               2   22[COMRAM] int 
 Auto vars:     Size  Location     Type
  w               2   27[COMRAM] int 
[...]
 Return value:  Size  Location     Type
                  1    wreg      void 
 Registers used:
		wreg, fsr2l, fsr2h, status,2, status,0, tblptrl, tblptrh, tblptru
 Tracked objects:
		On entry : 
		On exit  : 
		Unchanged: 
 Data sizes:     COMRAM   BANK0   BANK1   BANK2   BANK3   BANK4   BANK5   BANK6   BANK7   BANK8   BANK9  BANK10  BANK11  BANK12  BANK13  BANK14  BANK15
      Params:         2       0       0       0       0       0       0       0       0       0       0       0       0       0       0       0       0
      Locals:         2       0       0       0       0       0       0       0       0       0       0       0       0       0       0       0       0
      Temps:          2       0       0       0       0       0       0       0       0       0       0       0       0       0       0       0       0
      Totals:         6       0       0       0       0       0       0       0       0       0       0       0       0       0       0       0       0
Total ram usage:        6 bytes
 Hardware stack levels used:    1
 Hardware stack levels required when called:    4
 This function calls:
		Nothing
 This function is called by:
		_OLED_Init
 This function uses a non-reentrant model


 *************** function _OLED_ClearDisplay *****************
 Defined at:
		line 435 in file "OLED_I2C.c"
 Parameters:    Size  Location     Type
		None
 Auto vars:     Size  Location     Type
		None
 Return value:  Size  Location     Type
                  1    wreg      void 
 Registers used:
		wreg, fsr2l, fsr2h, status,2, status,0, cstack
 Tracked objects:
		On entry : 
		On exit  : 
		Unchanged: 
 Data sizes:     COMRAM   BANK0   BANK1   BANK2   BANK3   BANK4   BANK5   BANK6   BANK7   BANK8   BANK9  BANK10  BANK11  BANK12  BANK13  BANK14  BANK15
      Params:         0       0       0       0       0       0       0       0       0       0       0       0       0       0       0       0       0
      Locals:         0       0       0       0       0       0       0       0       0       0       0       0       0       0       0       0       0
      Temps:          0       0       0       0       0       0       0       0       0       0       0       0       0       0       0       0       0
      Totals:         0       0       0       0       0       0       0       0       0       0       0       0       0       0       0       0       0
Total ram usage:        0 bytes
 Hardware stack levels used:    1
 Hardware stack levels required when called:    5
 This function calls:
		_memset
 This function is called by:
		_main
 This function uses a non-reentrant model


 *************** function _memset *****************
 Defined at:
		line 4 in file "/Applications/microchip/xc8/v2.10/pic/sources/c99/common/memset.c"
 Parameters:    Size  Location     Type
  dest            2    0[COMRAM] PTR void 
		 -> buffer(1024), 
  c               2    2[COMRAM] int 
  n               2    4[COMRAM] unsigned int 
 Auto vars:     Size  Location     Type
  s               2   10[COMRAM] PTR unsigned char 
		 -> buffer(1024), 
  k               2    8[COMRAM] unsigned int 
 Return value:  Size  Location     Type
                  2    0[COMRAM] PTR void 
 Registers used:
		wreg, fsr2l, fsr2h, status,2, status,0
 Tracked objects:
		On entry : 
		On exit  : 
		Unchanged: 
 Data sizes:     COMRAM   BANK0   BANK1   BANK2   BANK3   BANK4   BANK5   BANK6   BANK7   BANK8   BANK9  BANK10  BANK11  BANK12  BANK13  BANK14  BANK15
      Params:         6       0       0       0       0       0       0       0       0       0       0       0       0       0       0       0       0
      Locals:         4       0       0       0       0       0       0       0       0       0       0       0       0       0       0       0       0
      Temps:          2       0       0       0       0       0       0       0       0       0       0       0       0       0       0       0       0
      Totals:        12       0       0       0       0       0       0       0       0       0       0       0       0       0       0       0       0
Total ram usage:       12 bytes
 Hardware stack levels used:    1
 Hardware stack levels required when called:    4
 This function calls:
		Nothing
 This function is called by:
		_OLED_ClearDisplay
		_OLED_FillDisplay
 This function uses a non-reentrant model


 *************** function _INTERRUPT_InterruptManager *****************
 Defined at:
		line 58 in file "mcc_generated_files/interrupt_manager.c"
 Parameters:    Size  Location     Type
		None
 Auto vars:     Size  Location     Type
		None
 Return value:  Size  Location     Type
                  1    wreg      void 
 Registers used:
		wreg, fsr2l, fsr2h, status,2, status,0, pclath, tosl, cstack
 Tracked objects:
		On entry : 
		On exit  : 
		Unchanged: 
 Data sizes:     COMRAM   BANK0   BANK1   BANK2   BANK3   BANK4   BANK5   BANK6   BANK7   BANK8   BANK9  BANK10  BANK11  BANK12  BANK13  BANK14  BANK15
      Params:         0       0       0       0       0       0       0       0       0       0       0       0       0       0       0       0       0
      Locals:         0       0       0       0       0       0       0       0       0       0       0       0       0       0       0       0       0
      Temps:          0       0       0       0       0       0       0       0       0       0       0       0       0       0       0       0       0
      Totals:         0       0       0       0       0       0       0       0       0       0       0       0       0       0       0       0       0
Total ram usage:        0 bytes
 Hardware stack levels used:    1
 Hardware stack levels required when called:    3
 This function calls:
		Absolute function
		_UART1_Receive_ISR
		_UART1_Transmit_ISR
 This function is called by:
		Interrupt level 2
 This function uses a non-reentrant model


 *************** function _UART1_Transmit_ISR *****************
 Defined at:
		line 238 in file "mcc_generated_files/uart1.c"
 Parameters:    Size  Location     Type
		None
 Auto vars:     Size  Location     Type
		None
 Return value:  Size  Location     Type
                  1    wreg      void 
 Registers used:
		wreg, fsr2l, fsr2h, status,2, status,0
 Tracked objects:
		On entry : 
		On exit  : 
		Unchanged: 
 Data sizes:     COMRAM   BANK0   BANK1   BANK2   BANK3   BANK4   BANK5   BANK6   BANK7   BANK8   BANK9  BANK10  BANK11  BANK12  BANK13  BANK14  BANK15
      Params:         0       0       0       0       0       0       0       0       0       0       0       0       0       0       0       0       0
      Locals:         0       0       0       0       0       0       0       0       0       0       0       0       0       0       0       0       0
      Temps:          0       0       0       0       0       0       0       0       0       0       0       0       0       0       0       0       0
      Totals:         0       0       0       0       0       0       0       0       0       0       0       0       0       0       0       0       0
Total ram usage:        0 bytes
 Hardware stack levels used:    1
 This function calls:
		Nothing
 This function is called by:
		_UART1_Initialize
		_INTERRUPT_InterruptManager
 This function uses a non-reentrant model


 *************** function _UART1_Receive_ISR *****************
 Defined at:
		line 258 in file "mcc_generated_files/uart1.c"
 Parameters:    Size  Location     Type
		None
 Auto vars:     Size  Location     Type
		None
 Return value:  Size  Location     Type
                  1    wreg      void 
 Registers used:
		wreg, fsr2l, fsr2h, status,2, status,0, pclath, tosl, cstack
 Tracked objects:
		On entry : 
		On exit  : 
		Unchanged: 
 Data sizes:     COMRAM   BANK0   BANK1   BANK2   BANK3   BANK4   BANK5   BANK6   BANK7   BANK8   BANK9  BANK10  BANK11  BANK12  BANK13  BANK14  BANK15
      Params:         0       0       0       0       0       0       0       0       0       0       0       0       0       0       0       0       0
      Locals:         0       0       0       0       0       0       0       0       0       0       0       0       0       0       0       0       0
      Temps:          0       0       0       0       0       0       0       0       0       0       0       0       0       0       0       0       0
      Totals:         0       0       0       0       0       0       0       0       0       0       0       0       0       0       0       0       0
Total ram usage:        0 bytes
 Hardware stack levels used:    1
 Hardware stack levels required when called:    2
 This function calls:
		Absolute function
		_UART1_DefaultErrorHandler
		_UART1_DefaultFramingErrorHandler
		_UART1_DefaultOverrunErrorHandler
		_UART1_RxDataHandler
 This function is called by:
		_UART1_Initialize
		_INTERRUPT_InterruptManager
 This function uses a non-reentrant model


 *************** function _UART1_DefaultOverrunErrorHandler *****************
 Defined at:
		line 294 in file "mcc_generated_files/uart1.c"
 Parameters:    Size  Location     Type
		None
 Auto vars:     Size  Location     Type
		None
 Return value:  Size  Location     Type
                  1    wreg      void 
 Registers used:
		None
 Tracked objects:
		On entry : 
		On exit  : 
		Unchanged: 
 Data sizes:     COMRAM   BANK0   BANK1   BANK2   BANK3   BANK4   BANK5   BANK6   BANK7   BANK8   BANK9  BANK10  BANK11  BANK12  BANK13  BANK14  BANK15
      Params:         0       0       0       0       0       0       0       0       0       0       0       0       0       0       0       0       0
      Locals:         0       0       0       0       0       0       0       0       0       0       0       0       0       0       0       0       0
      Temps:          0       0       0       0       0       0       0       0       0       0       0       0       0       0       0       0       0
      Totals:         0       0       0       0       0       0       0       0       0       0       0       0       0       0       0       0       0
Total ram usage:        0 bytes
 Hardware stack levels used:    1
 This function calls:
		Nothing
 This function is called by:
		_UART1_Initialize
		_UART1_Receive_ISR
 This function uses a non-reentrant model


 *************** function _UART1_DefaultFramingErrorHandler *****************
 Defined at:
		line 292 in file "mcc_generated_files/uart1.c"
 Parameters:    Size  Location     Type
		None
 Auto vars:     Size  Location     Type
		None
 Return value:  Size  Location     Type
                  1    wreg      void 
 Registers used:
		None
 Tracked objects:
		On entry : 
		On exit  : 
		Unchanged: 
 Data sizes:     COMRAM   BANK0   BANK1   BANK2   BANK3   BANK4   BANK5   BANK6   BANK7   BANK8   BANK9  BANK10  BANK11  BANK12  BANK13  BANK14  BANK15
      Params:         0       0       0       0       0       0       0       0       0       0       0       0       0       0       0       0       0
      Locals:         0       0       0       0       0       0       0       0       0       0       0       0       0       0       0       0       0
      Temps:          0       0       0       0       0       0       0       0       0       0       0       0       0       0       0       0       0
      Totals:         0       0       0       0       0       0       0       0       0       0       0       0       0       0       0       0       0
Total ram usage:        0 bytes
 Hardware stack levels used:    1
 This function calls:
		Nothing
 This function is called by:
		_UART1_Initialize
		_UART1_Receive_ISR
 This function uses a non-reentrant model


 *************** function _UART1_DefaultErrorHandler *****************
 Defined at:
		line 296 in file "mcc_generated_files/uart1.c"
 Parameters:    Size  Location     Type
		None
 Auto vars:     Size  Location     Type
		None
 Return value:  Size  Location     Type
                  1    wreg      void 
 Registers used:
		wreg, fsr2l, fsr2h, status,2, status,0, cstack
 Tracked objects:
		On entry : 
		On exit  : 
		Unchanged: 
 Data sizes:     COMRAM   BANK0   BANK1   BANK2   BANK3   BANK4   BANK5   BANK6   BANK7   BANK8   BANK9  BANK10  BANK11  BANK12  BANK13  BANK14  BANK15
      Params:         0       0       0       0       0       0       0       0       0       0       0       0       0       0       0       0       0
      Locals:         0       0       0       0       0       0       0       0       0       0       0       0       0       0       0       0       0
      Temps:          0       0       0       0       0       0       0       0       0       0       0       0       0       0       0       0       0
      Totals:         0       0       0       0       0       0       0       0       0       0       0       0       0       0       0       0       0
Total ram usage:        0 bytes
 Hardware stack levels used:    1
 Hardware stack levels required when called:    1
 This function calls:
		_UART1_RxDataHandler
 This function is called by:
		_UART1_Initialize
		_UART1_Receive_ISR
 This function uses a non-reentrant model


 *************** function _UART1_RxDataHandler *****************
 Defined at:
		line 282 in file "mcc_generated_files/uart1.c"
 Parameters:    Size  Location     Type
		None
 Auto vars:     Size  Location     Type
		None
 Return value:  Size  Location     Type
                  1    wreg      void 
 Registers used:
		wreg, fsr2l, fsr2h, status,2, status,0
 Tracked objects:
		On entry : 
		On exit  : 
		Unchanged: 
 Data sizes:     COMRAM   BANK0   BANK1   BANK2   BANK3   BANK4   BANK5   BANK6   BANK7   BANK8   BANK9  BANK10  BANK11  BANK12  BANK13  BANK14  BANK15
      Params:         0       0       0       0       0       0       0       0       0       0       0       0       0       0       0       0       0
      Locals:         0       0       0       0       0       0       0       0       0       0       0       0       0       0       0       0       0
      Temps:          0       0       0       0       0       0       0       0       0       0       0       0       0       0       0       0       0
      Totals:         0       0       0       0       0       0       0       0       0       0       0       0       0       0       0       0       0
Total ram usage:        0 bytes
 Hardware stack levels used:    1
 This function calls:
		Nothing
 This function is called by:
		_UART1_Receive_ISR
		_UART1_DefaultErrorHandler
 This function uses a non-reentrant model



MODULE INFORMATION

Module		Function		Class		Link	Load	Size
/Applications/microchip/xc8/v2.10/pic/sources/c99/common/memset.c
		_memset        		CODE           	132A	0000	409

/Applications/microchip/xc8/v2.10/pic/sources/c99/common/memset.c estimated size: 409

/Applications/microchip/xc8/v2.10/pic/sources/c99/common/awdiv.c
		___awdiv       		CODE           	1A70	0000	201

/Applications/microchip/xc8/v2.10/pic/sources/c99/common/awdiv.c estimated size: 201

/Applications/microchip/xc8/v2.10/pic/sources/c99/common/doprnt.c
		_vfpfcnvrt     		CODE           	0C2A	0000	727
		_pad           		CODE           	17D6	0000	227
		_vfprintf      		CODE           	1E8C	0000	121
		_utoa          		CODE           	0F00	0000	617

/Applications/microchip/xc8/v2.10/pic/sources/c99/common/doprnt.c estimated size: 1692

mcc_generated_files/interrupt_manager.c
		_INTERRUPT_Initialize		CODE           	25A4	0000	5
		_INTERRUPT_InterruptManager		CODE           	1F04	0000	117

mcc_generated_files/interrupt_manager.c estimated size: 122

mcc_generated_files/i2c1.c
		_wait4BusFree  		CODE           	2396	0000	63
		_wait4Stop     		CODE           	231A	0000	63
		_wait4Start    		CODE           	2358	0000	63
		_i2c1_write1ByteRegister		CODE           	2412	0000	49
		_i2c1_writeNBytesRegister		CODE           	2044	0000	99
		_sendByte      		CODE           	22D4	0000	71
		_I2C1_Initialize		CODE           	23D4	0000	63

mcc_generated_files/i2c1.c estimated size: 471

mcc_generated_files/pin_manager.c
		_PIN_MANAGER_Initialize		CODE           	1BF8	0000	177

mcc_generated_files/pin_manager.c estimated size: 177

mcc_generated_files/nco1.c
		_NCO1_Initialize		CODE           	249C	0000	39

mcc_generated_files/nco1.c estimated size: 39

/Applications/microchip/xc8/v2.10/pic/sources/c99/common/nf_fputc.c
		_fputc         		CODE           	1998	0000	217

/Applications/microchip/xc8/v2.10/pic/sources/c99/common/nf_fputc.c estimated size: 217

/Applications/microchip/xc8/v2.10/pic/sources/c99/common/Umul64.c
		___omul        		CODE           	1CA8	0000	175

/Applications/microchip/xc8/v2.10/pic/sources/c99/common/Umul64.c estimated size: 175

/Applications/microchip/xc8/v2.10/pic/sources/c99/common/Umul16.c
		___wmul        		CODE           	2442	0000	47

/Applications/microchip/xc8/v2.10/pic/sources/c99/common/Umul16.c estimated size: 47

/Applications/microchip/xc8/v2.10/pic/sources/c99/common/nf_sprintf.c
		_sprintf       		CODE           	2102	0000	91

/Applications/microchip/xc8/v2.10/pic/sources/c99/common/nf_sprintf.c estimated size: 91

mcc_generated_files/uart1.c
		_UART1_Write   		CODE           	1FE2	0000	99
		_putch         		CODE           	2594	0000	11
		_UART1_SetFramingErrorHandler		CODE           	2578	0000	15
		_UART1_SetOverrunErrorHandler		CODE           	256A	0000	15
		_UART1_Receive_ISR		CODE           	1B38	0000	193
		_UART1_SetRxInterruptHandler		CODE           	255C	0000	15
		_UART1_SetTxInterruptHandler		CODE           	254E	0000	15
		_UART1_Initialize		CODE           	1D56	0000	167
		_UART1_SetErrorHandler		CODE           	2586	0000	15
		_UART1_Transmit_ISR		CODE           	228C	0000	73
		_UART1_DefaultFramingErrorHandler		CODE           	25B2	0000	3
		_UART1_DefaultErrorHandler		CODE           	259E	0000	7
		_UART1_RxDataHandler		CODE           	2470	0000	45
		_UART1_DefaultOverrunErrorHandler		CODE           	25B0	0000	3

mcc_generated_files/uart1.c estimated size: 676

/Applications/microchip/xc8/v2.10/pic/sources/c99/common/lomod.c
		___lomod       		CODE           	18B8	0000	225

/Applications/microchip/xc8/v2.10/pic/sources/c99/common/lomod.c estimated size: 225

shared
		main@xtalfreq  		MEDIUMCONST    	0000	0000	0
		_TINY_FONTS    		MEDIUMCONST    	F47D	0000	290
		__initialization		CODE           	21F8	0000	69
		_SOjavaLogo    		MEDIUMCONST    	FB92	0000	1025
		_LARGE_FONTS   		MEDIUMCONST    	F59E	0000	1525
		_SMALL_FONTS   		MEDIUMCONST    	F23F	0000	575

shared estimated size: 3484

mcc_generated_files/mcc.c
		_PMD_Initialize		CODE           	24C2	0000	37
		_OSCILLATOR_Initialize		CODE           	2522	0000	25
		_SYSTEM_Initialize		CODE           	24E6	0000	31

mcc_generated_files/mcc.c estimated size: 93

main.c
		_main          		CODE           	001E	0000	2007
		_saveCounter   		CODE           	215C	0000	79

main.c estimated size: 2086

OLED_I2C.c
		_OLED_Update   		CODE           	1F78	0000	107
		_OLED_Write    		CODE           	07F4	0000	1079
		_ssd1306_command		CODE           	253A	0000	21
		_OLED_ClearDisplay		CODE           	2504	0000	31
		_OLED_Init     		CODE           	16EC	0000	235
		_height        		CODE           	25AC	0000	5
		_OLED_Write_Text		CODE           	14C2	0000	299
		_width         		CODE           	25A8	0000	5
		_OLED_DrawPixel		CODE           	1168	0000	451
		_OLED_SetFont  		CODE           	1DFC	0000	145
		_OLED_Image    		CODE           	21AA	0000	79

OLED_I2C.c estimated size: 2457

/Applications/microchip/xc8/v2.10/pic/sources/c99/common/lodiv.c
		___lodiv       		CODE           	15EC	0000	257

/Applications/microchip/xc8/v2.10/pic/sources/c99/common/lodiv.c estimated size: 257

/Applications/microchip/xc8/v2.10/pic/sources/c99/common/nf_fputs.c
		_fputs         		CODE           	2242	0000	75

/Applications/microchip/xc8/v2.10/pic/sources/c99/common/nf_fputs.c estimated size: 75

/Applications/microchip/xc8/v2.10/pic/sources/c99/common/strlen.c
		_strlen        		CODE           	20A6	0000	93

/Applications/microchip/xc8/v2.10/pic/sources/c99/common/strlen.c estimated size: 93

